    
создайте виртуальную машину c Ubuntu 20.04/22.04 LTS в GCE/ЯО/Virtual Box/докере      
поставьте на нее PostgreSQL 15 через sudo apt      
проверьте что кластер запущен через sudo -u postgres pg_lsclusters      
ubuntu@ubuntu2204-template:~$ `sudo su - postgres -c pg_lsclusters`      
```    
Ver Cluster Port Status Owner    Data directory              Log file    
16  main    5432 online postgres /var/lib/postgresql/16/main /var/log/postgresql/postgresql-16-main.log    
```    
    
зайдите из под пользователя postgres в psql и сделайте произвольную таблицу с произвольным содержимым      
    
postgres=# `CREATE SCHEMA dump;`      
CREATE SCHEMA      
postgres=# `CREATE TABLE dump.direct(id int, number int);`    
CREATE TABLE    
postgres=# `INSERT INTO dump.direct(id, number) select id, random() from generate_series(1,10) id;`  
INSERT 0 10  
postgres=# `select * from dump.direct;`  
```  
 id | number  
----+--------  
  1 |      1  
  2 |      1  
  3 |      0  
  4 |      0  
  5 |      0  
  6 |      0  
  7 |      1  
  8 |      0  
  9 |      1  
 10 |      0  
(10 rows)  
  
```  
остановите postgres например через sudo -u postgres pg_ctlcluster 15 main stop  
ubuntu@ubuntu2204-template:~$ `sudo systemctl stop postgresql@16-main.service`  
  
  
  
  
создайте новый диск к ВМ размером 10GB  
добавьте свеже-созданный диск к виртуальной машине - надо зайти в режим ее редактирования и дальше выбрать пункт attach existing disk  
проинициализируйте диск согласно инструкции и подмонтировать файловую систему, только не забывайте менять имя диска на актуальное, в вашем  случае это скорее всего будет /dev/sdb   

root@ubuntu2204-template:#`for host in /sys/class/scsi_host/*; do echo "- - -" | sudo tee $host/scan; ls /dev/sd* ; done`  

root@ubuntu2204-template:# `lsblk  | grep sdb`  
```  
sdb                         8:16   0    10G  0 disk  
```  
  
  
root@ubuntu2204-template:~# `cfdisk /dev/sdb`  
создал новую партицию, выбрал тип linux lvm  

root@ubuntu2204-template:~# `pvcreate /dev/sdb1`  
  Physical volume "/dev/sdb1" successfully created.  
  
root@ubuntu2204-template:~# `vgcreate storage /dev/sdb1`  
  Volume group "storage" successfully created  
  
root@ubuntu2204-template:~# `lvcreate -l +100%FREE -n postgres storage`  
  Logical volume "postgres" created.  

root@ubuntu2204-template:~# `mkfs.ext4  /dev/storage/postgres`  
```  
mke2fs 1.46.5 (30-Dec-2021)  
Creating filesystem with 2620416 4k blocks and 655360 inodes  
Filesystem UUID: 66b26ec4-1e62-4f15-a635-0e8992c5cbf9  
Superblock backups stored on blocks:  
        32768, 98304, 163840, 229376, 294912, 819200, 884736, 1605632  
  
Allocating group tables: done  
Writing inode tables: done  
Creating journal (16384 blocks): done  
Writing superblocks and filesystem accounting information: done  
```  
root@ubuntu2204-template:~# `tune2fs -m 0 /dev/storage/postgres`  
```  
tune2fs 1.46.5 (30-Dec-2021)  
Setting reserved blocks percentage to 0% (0 blocks)  
```  
root@ubuntu2204-template:~# `mkdir /mnt/data`  

root@ubuntu2204-template:~# `new_part=$(blkid | grep 'postgres' | grep -oP '(?<=UUID=").+?(?=")')`  

root@ubuntu2204-template:~# `echo $new_part`  
66b26ec4-1e62-4f15-a635-0e8992c5cbf9  

root@ubuntu2204-template:~# `echo "UUID=$new_part /mnt/data            ext4    defaults        0       2" >> /etc/fstab`  

root@ubuntu2204-template:~# `mount -a`  

root@ubuntu2204-template:~# `df -h`  
```  
Filesystem                         Size  Used Avail Use% Mounted on  
tmpfs                              193M  1.4M  192M   1% /run  
/dev/mapper/ubuntu--vg-ubuntu--lv  9.8G  6.0G  3.3G  65% /  
tmpfs                              965M     0  965M   0% /dev/shm  
tmpfs                              5.0M     0  5.0M   0% /run/lock  
/dev/sda2                          1.8G  251M  1.4G  16% /boot  
tmpfs                              193M  4.0K  193M   1% /run/user/1001  
/dev/mapper/storage-postgres       9.8G   24K  9.8G   1% /mnt/data  
```  
  
перезагрузите инстанс и убедитесь, что диск остается примонтированным (если не так смотрим в сторону fstab)  
`остался`    


сделайте пользователя postgres владельцем /mnt/data  
ubuntu@ubuntu2204-template:~$ `sudo chown -R postgres:postgres /mnt/data`  

перенесите содержимое /var/lib/postgres/15 в /mnt/data  
ubuntu@ubuntu2204-template:~$ `sudo mv /var/lib/postgresql/16/ /mnt/data/`  

попытайтесь запустить кластер - sudo -u postgres pg_ctlcluster 15 main start  
`не запустится`  
напишите получилось или нет и почему  
ubuntu@ubuntu2204-template:~$ `sudo grep data_directory /etc/postgresql/16/main/postgresql.conf`  

```  
data_directory = '/var/lib/postgresql/16/main'          # use data in another directory  
```  


задание: найти конфигурационный параметр в файлах раположенных в /etc/postgresql/15/main который надо поменять и поменяйте его  
напишите что и почему поменяли  
  
ubuntu@ubuntu2204-template:~$ `sudo vim /etc/postgresql/16/main/postgresql.conf`  

ubuntu@ubuntu2204-template:~$ `sudo grep data_directory /etc/postgresql/16/main/postgresql.conf`  

```
data_directory = '/mnt/data/16/main'          # use data in another directory  
```


попытайтесь запустить кластер - sudo -u postgres pg_ctlcluster 15 main start  
ubuntu@ubuntu2204-template:~$ `sudo systemctl start postgresql@16-main.service`  

ubuntu@ubuntu2204-template:~$ `sudo su - postgres -c pg_lsclusters`  

```  
Ver Cluster Port Status Owner    Data directory    Log file  
16  main    5432 online postgres /mnt/data/16/main /var/log/postgresql/postgresql-16-main.log  
```  

напишите получилось или нет и почему  
`получилось, потому что файлы лежат в том месте, где ожидает их увидеть конфиг`    


зайдите через через psql и проверьте содержимое ранее созданной таблицы  

ubuntu@ubuntu2204-template:~$ `sudo su - postgres -c psql`  
postgres=# `select * from dump.direct;`  
```  
 id | number  
----+--------  
  1 |      1  
  2 |      1  
  3 |      0  
  4 |      0  
  5 |      0  
  6 |      0  
  7 |      1  
  8 |      0  
  9 |      1  
 10 |      0  
(10 rows)  
```  
  
  
  
задание со звездочкой *: не удаляя существующий инстанс ВМ сделайте новый, поставьте на его PostgreSQL, удалите файлы с данными из /var/lib/postgres, перемонтируйте внешний диск который сделали ранее от первой виртуальной машины ко второй и запустите PostgreSQL на второй машине так чтобы он работал с данными на внешнем диске, расскажите как вы это сделали и что в итоге получилось.  
  
от старой вм отцепил диск, сделал новую вм, подцепил к ней диск  
ubuntu@ubuntu-new:~$ `for host in /sys/class/scsi_host/*; do echo "- - -" | sudo tee $host/scan; ls /dev/sd* ; done`  
ubuntu@ubuntu-new:~$ `lsblk  | grep sdb`  
sdb                         8:16   0    10G  0 disk  
└─sdb1                      8:17   0    10G  0 part  
  
диск увидели  
ubuntu@ubuntu-new:~$ `sudo systemctl stop postgresql@16-main.service`  
ubuntu@ubuntu-new:~$ `mkdir /mnt/data`  
  
Видим, что старый LVM жив  
  
ubuntu@ubuntu-new:~$ `sudo pvscan`  
```  
  PV /dev/sdb1   VG storage         lvm2 [<10.00 GiB / 0    free]  
  PV /dev/sda3   VG ubuntu-vg       lvm2 [18.22 GiB / 8.22 GiB free]  
  Total: 2 [<28.22 GiB] / in use: 2 [<28.22 GiB] / in no VG: 0 [0   ]  
```  
ubuntu@ubuntu-new:~$ `sudo vgs`  
```  
  VG        #PV #LV #SN Attr   VSize   VFree  
  storage     1   1   0 wz--n- <10.00g    0  
  ubuntu-vg   1   1   0 wz--n-  18.22g 8.22g  
```  
ubuntu@ubuntu-new:~$ `sudo lvs`  
```  
  LV        VG        Attr       LSize   Pool Origin Data%  Meta%  Move Log Cpy%Sync Convert  
  postgres  storage   -wi-a----- <10.00g  
  ubuntu-lv ubuntu-vg -wi-ao----  10.00g  
```  
  
  
Но blkid не видит раздел  
ubuntu@ubuntu-new:~$ `blkid`  
```  
/dev/sr0: BLOCK_SIZE="2048" UUID="2023-08-10-05-06-25-00" LABEL="Ubuntu-Server 22.04.3 LTS amd64" TYPE="iso9660" PTTYPE="PMBR"  
/dev/mapper/ubuntu--vg-ubuntu--lv: UUID="a99bf9d8-2509-4a94-a24f-5ffae49cc115" BLOCK_SIZE="4096" TYPE="ext4"  
/dev/sda2: UUID="027d48eb-08c5-4a7d-9219-01d7ac57e325" BLOCK_SIZE="4096" TYPE="ext4" PARTUUID="49bcb6b3-406c-4dff-ace6-a438b1d2d680"  
/dev/sda3: UUID="STdeRa-508C-tGbh-dO0b-RvWu-EcVh-OPp3bN" TYPE="LVM2_member" PARTUUID="0e33c29c-9cf6-4089-a3a8-fa3752b4e5ec"  
```  
  
тут помог ребут, но можно было бы как-то сделать и без ребута    
ubuntu@ubuntu-new:~$ `sudo reboot now`  
ubuntu@ubuntu-new:~$ `blkid`  
```  
/dev/mapper/ubuntu--vg-ubuntu--lv: UUID="a99bf9d8-2509-4a94-a24f-5ffae49cc115" BLOCK_SIZE="4096" TYPE="ext4"  
/dev/sdb1: UUID="CLQ8yj-1NG9-nAU0-G1eS-yOKz-oIsM-V4gSlD" TYPE="LVM2_member" PARTUUID="893d40f3-648b-804c-a3e8-611c1ef31941"  
/dev/sr0: BLOCK_SIZE="2048" UUID="2023-08-10-05-06-25-00" LABEL="Ubuntu-Server 22.04.3 LTS amd64" TYPE="iso9660" PTTYPE="PMBR"  
/dev/mapper/storage-postgres: UUID="66b26ec4-1e62-4f15-a635-0e8992c5cbf9" BLOCK_SIZE="4096" TYPE="ext4"  
/dev/sda2: UUID="027d48eb-08c5-4a7d-9219-01d7ac57e325" BLOCK_SIZE="4096" TYPE="ext4" PARTUUID="49bcb6b3-406c-4dff-ace6-a438b1d2d680"  
/dev/sda3: UUID="STdeRa-508C-tGbh-dO0b-RvWu-EcVh-OPp3bN" TYPE="LVM2_member" PARTUUID="0e33c29c-9cf6-4089-a3a8-fa3752b4e5ec"  
```  
появился раздел с данными  
Монтируем его  
  
  
root@ubuntu-new:~# `new_part=$(blkid | grep 'postgres' | grep -oP '(?<=UUID=").+?(?=")')`  
root@ubuntu-new:~# `echo $new_part`  
66b26ec4-1e62-4f15-a635-0e8992c5cbf9  
root@ubuntu-new:~# `echo "UUID=$new_part /mnt/data            ext4    defaults        0       2" >> /etc/fstab`  
root@ubuntu-new:~# `mount -a`  
root@ubuntu-new:~# `df -h`  
```  
Filesystem                         Size  Used Avail Use% Mounted on  
tmpfs                              193M  1.3M  192M   1% /run  
/dev/mapper/ubuntu--vg-ubuntu--lv  9.8G  5.8G  3.5G  63% /  
tmpfs                              965M  1.1M  964M   1% /dev/shm  
tmpfs                              5.0M     0  5.0M   0% /run/lock  
/dev/sda2                          1.8G  251M  1.4G  16% /boot  
tmpfs                              193M  4.0K  193M   1% /run/user/1001  
/dev/mapper/storage-postgres       9.8G  103M  9.7G   2% /mnt/data  
```  
root@ubuntu-new:~# `ls -la /mnt/data/`  
```  
total 28  
drwxr-xr-x 4 postgres postgres  4096 Apr 19 05:49 .  
drwxr-xr-x 3 root     root      4096 Apr 19 06:02 ..  
drwxr-xr-x 3 postgres postgres  4096 Apr  7 18:47 16  
drwx------ 2 postgres postgres 16384 Apr 19 05:44 lost+found  
```  
root@ubuntu-new:~# `ls -la /mnt/data/16/`  
```  
total 12  
drwxr-xr-x  3 postgres postgres 4096 Apr  7 18:47 .  
drwxr-xr-x  4 postgres postgres 4096 Apr 19 05:49 ..  
drwx------ 19 postgres postgres 4096 Apr 19 05:53 main  
```  
  
  
ubuntu@ubuntu-new:~$ `sudo systemctl stop postgresql@16-main.service`  
ubuntu@ubuntu-new:~$ `sudo mv /mnt/data/16/main/ /var/lib/postgresql/16/`  
ubuntu@ubuntu-new:~$ `sudo systemctl start postgresql@16-main.service`  
ubuntu@ubuntu-new:~$ `sudo su - postgres -c psql`  
postgres=# `select * from dump.direct;`  
```  
 id | number  
----+--------  
  1 |      1  
  2 |      1  
  3 |      0  
  4 |      0  
  5 |      0  
  6 |      0  
  7 |      1  
  8 |      0  
  9 |      1  
 10 |      0  
(10 rows)  
```  
  
  
  
  
  
  
  
  
  
  
  
  
  
  
  
  
